CBMC version 6.9.0 (cbmc-6.9.0) 64-bit x86_64 linux
Reading GOTO program from file /home/girish/THESIS-2026/mlk_montgomery_cleanroom/MONT_WORKTREE_af4c5abd/proofs/cbmc/montgomery_reduce/gotos/montgomery_reduce_harness.goto
Generating GOTO Program
Adding CPROVER library (x86_64)
Removal of function pointers and virtual functions
Generic Property Instrumentation
Starting Bounded Model Checking
Passing problem to propositional reduction
converting SSA
Running propositional reduction
SAT checker: instance is UNSATISFIABLE

** Results:
/home/girish/THESIS-2026/mlk_montgomery_cleanroom/MONT_WORKTREE_af4c5abd/mlkem/src/poly.h function mlk_montgomery_reduce
[mlk_montgomery_reduce.no_alloc_dealloc_in_ensures.1] line 58 Check that ensures do not allocate or deallocate memory: SUCCESS
[mlk_montgomery_reduce.no_alloc_dealloc_in_requires.1] line 58 Check that requires do not allocate or deallocate memory: SUCCESS
[mlk_montgomery_reduce.no_recursive_call.1] line 58 No recursive call to function mlk_montgomery_reduce when checking contract mlk_montgomery_reduce: SUCCESS
[mlk_montgomery_reduce.single_top_level_call.1] line 58 Only a single top-level call to function mlk_montgomery_reduce when checking contract mlk_montgomery_reduce: SUCCESS
[mlk_montgomery_reduce.overflow.1] line 75 arithmetic overflow on unsigned * in (unsigned int)a_reduced * QINV: SUCCESS
[mlk_montgomery_reduce.overflow.2] line 75 arithmetic overflow on unsigned to unsigned type conversion in (const uint16_t)((unsigned int)a_reduced * QINV & (unsigned int)65535): SUCCESS
[mlk_montgomery_reduce.assertion.1] line 82 cbmc assertion failed: SUCCESS
[mlk_montgomery_reduce.overflow.3] line 85 arithmetic overflow on signed * in (int32_t)t * 3329: SUCCESS
[mlk_montgomery_reduce.overflow.4] line 85 arithmetic overflow on signed - in a - (int32_t)t * 3329: SUCCESS
[mlk_montgomery_reduce.overflow.5] line 99 arithmetic overflow on signed type conversion in (int16_t)r: SUCCESS

/home/girish/THESIS-2026/mlk_montgomery_cleanroom/MONT_WORKTREE_af4c5abd/mlkem/src/verify.h function mlk_cast_int32_to_uint16
[mlk_cast_int32_to_uint16.overflow.1] line 174 arithmetic overflow on signed to unsigned type conversion in (uint16_t)(x & (int32_t)65535): SUCCESS

<builtin-library-__CPROVER_contracts_library> function __CPROVER_contracts_make_invalid_pointer
[__CPROVER_contracts_make_invalid_pointer.pointer_dereference.1] line 1186 dereference failure: pointer NULL in *ptr: SUCCESS
[__CPROVER_contracts_make_invalid_pointer.pointer_dereference.2] line 1186 dereference failure: pointer invalid in *ptr: SUCCESS
[__CPROVER_contracts_make_invalid_pointer.pointer_dereference.3] line 1186 dereference failure: deallocated dynamic object in *ptr: SUCCESS
[__CPROVER_contracts_make_invalid_pointer.pointer_dereference.4] line 1186 dereference failure: dead object in *ptr: SUCCESS
[__CPROVER_contracts_make_invalid_pointer.pointer_dereference.5] line 1186 dereference failure: pointer outside object bounds in *ptr: SUCCESS
[__CPROVER_contracts_make_invalid_pointer.pointer_dereference.6] line 1186 dereference failure: invalid integer address in *ptr: SUCCESS

<builtin-library-__CPROVER_contracts_library> function __CPROVER_contracts_obj_set_create_indexed_by_object_id
[__CPROVER_contracts_obj_set_create_indexed_by_object_id.bit_count.1] line 264 count leading zeros is undefined for value zero in __builtin_clz(__CPROVER_max_malloc_size): SUCCESS
[__CPROVER_contracts_obj_set_create_indexed_by_object_id.bit_count.2] line 264 count leading zeros is undefined for value zero in __builtin_clz(__CPROVER_max_malloc_size): SUCCESS
[__CPROVER_contracts_obj_set_create_indexed_by_object_id.bit_count.3] line 264 count leading zeros is undefined for value zero in __builtin_clz(__CPROVER_max_malloc_size): SUCCESS

** 0 of 20 failed (1 iterations)
VERIFICATION SUCCESSFUL
