CBMC version 6.9.0 (cbmc-6.9.0) 64-bit x86_64 linux
Reading GOTO program from file /home/girish/THESIS-2026/mlk_montgomery_cleanroom/MONT_WORKTREE_af4c5abd/proofs/cbmc/mont_t1_false_control/gotos/mont_t1_false_control_harness.goto
Generating GOTO Program
Adding CPROVER library (x86_64)
Removal of function pointers and virtual functions
Generic Property Instrumentation
Starting Bounded Model Checking
Passing problem to propositional reduction
converting SSA
Running propositional reduction
SAT checker: instance is SATISFIABLE
Building error trace
Running propositional reduction
SAT checker: instance is UNSATISFIABLE

** Results:
/home/girish/THESIS-2026/mlk_montgomery_cleanroom/MONT_WORKTREE_af4c5abd/mlkem/src/poly.h function mlk_montgomery_reduce
[mlk_montgomery_reduce.overflow.1] line 75 arithmetic overflow on unsigned * in (unsigned int)a_reduced * QINV: SUCCESS
[mlk_montgomery_reduce.overflow.2] line 75 arithmetic overflow on unsigned to unsigned type conversion in (const uint16_t)((unsigned int)a_reduced * QINV & (unsigned int)65535): SUCCESS
[mlk_montgomery_reduce.assertion.1] line 82 cbmc assertion failed: SUCCESS
[mlk_montgomery_reduce.overflow.3] line 85 arithmetic overflow on signed * in (int32_t)t * 3329: SUCCESS
[mlk_montgomery_reduce.overflow.4] line 85 arithmetic overflow on signed - in a - (int32_t)t * 3329: SUCCESS
[mlk_montgomery_reduce.overflow.5] line 99 arithmetic overflow on signed type conversion in (int16_t)r: SUCCESS

/home/girish/THESIS-2026/mlk_montgomery_cleanroom/MONT_WORKTREE_af4c5abd/mlkem/src/verify.h function mlk_cast_int32_to_uint16
[mlk_cast_int32_to_uint16.overflow.1] line 174 arithmetic overflow on signed to unsigned type conversion in (uint16_t)(x & (int32_t)65535): SUCCESS

/home/girish/THESIS-2026/mlk_montgomery_cleanroom/MONT_WORKTREE_af4c5abd/proofs/cbmc/mont_t1_false_control/mont_t1_false_control_harness.c function harness
[harness.assertion.1] line 96 MONT-T1.P2.oracle_witness_is_signed16: SUCCESS
[harness.assertion.2] line 100 MONT-T1.P1.oracle_result_fits_int16: SUCCESS
[harness.assertion.3] line 104 MONT-T1.P1.full_domain_exact_oracle_equality: SUCCESS
[harness.overflow.1] line 109 arithmetic overflow on signed * in (int64_t)65536 * (int64_t)implementation_result: SUCCESS
[harness.overflow.2] line 109 arithmetic overflow on signed * in (int64_t)3329 * oracle_t: SUCCESS
[harness.overflow.3] line 109 arithmetic overflow on signed + in (int64_t)65536 * (int64_t)implementation_result + (int64_t)3329 * oracle_t: SUCCESS
[harness.assertion.4] line 111 MONT-T1.P2.exact_signed_witness_reconstruction: SUCCESS
[harness.assertion.5] line 115 MONT-T1.P2.scaled_modular_congruence_divisibility: SUCCESS
[harness.overflow.4] line 116 arithmetic overflow on signed * in (int64_t)implementation_result * (int64_t)65536: SUCCESS
[harness.overflow.5] line 116 arithmetic overflow on signed - in (int64_t)implementation_result * (int64_t)65536 - (int64_t)a: SUCCESS
[harness.overflow.6] line 127 arithmetic overflow on signed * in (int64_t)65536 * (int64_t)alternative_result: SUCCESS
[harness.overflow.8] line 127 arithmetic overflow on signed + in (int64_t)65536 * (int64_t)alternative_result + (int64_t)3329 * (int64_t)alternative_t: SUCCESS
[harness.overflow.7] line 128 arithmetic overflow on signed * in (int64_t)3329 * (int64_t)alternative_t: SUCCESS
[harness.assertion.6] line 130 MONT-T1.P3.unique_result_in_signed16_decomposition: SUCCESS
[harness.assertion.7] line 134 MONT-T1.P3.unique_witness_in_signed16_decomposition: SUCCESS
[harness.assertion.8] line 138 MONT-T1.P4.full_contract_domain_sharp_output_bound: SUCCESS
[harness.assertion.9] line 147 MONT-T1.P5.minimum_output_is_attainable: SUCCESS
[harness.assertion.10] line 151 MONT-T1.P5.maximum_output_is_attainable: SUCCESS
[harness.assertion.11] line 158 MONT-T1.CONTROL.post_uniqueness_path_reachable: FAILURE

/home/girish/THESIS-2026/mlk_montgomery_cleanroom/MONT_WORKTREE_af4c5abd/proofs/cbmc/mont_t1_false_control/mont_t1_false_control_harness.c function mont_oracle_result
[mont_oracle_result.overflow.1] line 63 arithmetic overflow on signed * in t * (int64_t)3329: SUCCESS
[mont_oracle_result.overflow.2] line 63 arithmetic overflow on signed - in (int64_t)a - t * (int64_t)3329: SUCCESS
[mont_oracle_result.assertion.1] line 65 MONT-T1.P2.oracle_numerator_exactly_divisible_by_R: SUCCESS
[mont_oracle_result.assigns.1] line 69 Check that *witness_t is assignable: SUCCESS
[mont_oracle_result.pointer_dereference.1] line 69 dereference failure: pointer NULL in *witness_t: SUCCESS
[mont_oracle_result.pointer_dereference.2] line 69 dereference failure: pointer invalid in *witness_t: SUCCESS
[mont_oracle_result.pointer_dereference.3] line 69 dereference failure: deallocated dynamic object in *witness_t: SUCCESS
[mont_oracle_result.pointer_dereference.4] line 69 dereference failure: dead object in *witness_t: SUCCESS
[mont_oracle_result.pointer_dereference.5] line 69 dereference failure: pointer outside object bounds in *witness_t: SUCCESS
[mont_oracle_result.pointer_dereference.6] line 69 dereference failure: invalid integer address in *witness_t: SUCCESS

/home/girish/THESIS-2026/mlk_montgomery_cleanroom/MONT_WORKTREE_af4c5abd/proofs/cbmc/mont_t1_false_control/mont_t1_false_control_harness.c function mont_oracle_t
[mont_oracle_t.overflow.1] line 39 arithmetic overflow on signed + in low_signed + (int64_t)65536: SUCCESS
[mont_oracle_t.assertion.1] line 42 MONT-T1.ORACLE.low_word_normalized: SUCCESS
[mont_oracle_t.overflow.2] line 46 arithmetic overflow on signed to unsigned type conversion in (uint64_t)low_signed: SUCCESS
[mont_oracle_t.overflow.3] line 47 arithmetic overflow on unsigned * in low * (uint64_t)62209: SUCCESS
[mont_oracle_t.overflow.4] line 51 arithmetic overflow on unsigned to signed type conversion in (int64_t)raw_t: SUCCESS
[mont_oracle_t.overflow.5] line 51 arithmetic overflow on signed - in (int64_t)raw_t - (int64_t)65536: SUCCESS
[mont_oracle_t.overflow.6] line 54 arithmetic overflow on unsigned to signed type conversion in (int64_t)raw_t: SUCCESS

<builtin-library-__CPROVER_contracts_library> function __CPROVER_contracts_make_invalid_pointer
[__CPROVER_contracts_make_invalid_pointer.pointer_dereference.1] line 1186 dereference failure: pointer NULL in *ptr: SUCCESS
[__CPROVER_contracts_make_invalid_pointer.pointer_dereference.2] line 1186 dereference failure: pointer invalid in *ptr: SUCCESS
[__CPROVER_contracts_make_invalid_pointer.pointer_dereference.3] line 1186 dereference failure: deallocated dynamic object in *ptr: SUCCESS
[__CPROVER_contracts_make_invalid_pointer.pointer_dereference.4] line 1186 dereference failure: dead object in *ptr: SUCCESS
[__CPROVER_contracts_make_invalid_pointer.pointer_dereference.5] line 1186 dereference failure: pointer outside object bounds in *ptr: SUCCESS
[__CPROVER_contracts_make_invalid_pointer.pointer_dereference.6] line 1186 dereference failure: invalid integer address in *ptr: SUCCESS

<builtin-library-__CPROVER_contracts_library> function __CPROVER_contracts_write_set_check_assignment
[__CPROVER_contracts_write_set_check_assignment.assertion.1] line 805 ptr NULL or writable up to size: SUCCESS
[__CPROVER_contracts_write_set_check_assignment.assertion.2] line 822 CAR size is less than __CPROVER_max_malloc_size: SUCCESS
[__CPROVER_contracts_write_set_check_assignment.assertion.3] line 828 no offset bits overflow on CAR upper bound computation: SUCCESS
[__CPROVER_contracts_write_set_check_assignment.unwind.1] line 837 unwinding assertion loop 0: SUCCESS

Trace for harness.assertion.11:

State 6 file /home/girish/THESIS-2026/mlk_montgomery_cleanroom/MONT_WORKTREE_af4c5abd/proofs/cbmc/mont_t1_false_control/mont_t1_false_control_harness.c function harness line 75 thread 0
----------------------------------------------------
  a=-2038311181 (10000110 10000001 11010110 11110011)

State 8 file /home/girish/THESIS-2026/mlk_montgomery_cleanroom/MONT_WORKTREE_af4c5abd/proofs/cbmc/mont_t1_false_control/mont_t1_false_control_harness.c function harness line 82 thread 0
----------------------------------------------------
  alternative_result=-32766 (10000000 00000010)

State 9 file /home/girish/THESIS-2026/mlk_montgomery_cleanroom/MONT_WORKTREE_af4c5abd/proofs/cbmc/mont_t1_false_control/mont_t1_false_control_harness.c function harness line 83 thread 0
----------------------------------------------------
  alternative_t=32755 (01111111 11110011)

Assumption:
  file /home/girish/THESIS-2026/mlk_montgomery_cleanroom/MONT_WORKTREE_af4c5abd/proofs/cbmc/mont_t1_false_control/mont_t1_false_control_harness.c line 90 function harness
  a < (int32_t)(2147483647 - ((int32_t)1 << 15) * 3329)

Assumption:
  file /home/girish/THESIS-2026/mlk_montgomery_cleanroom/MONT_WORKTREE_af4c5abd/proofs/cbmc/mont_t1_false_control/mont_t1_false_control_harness.c line 91 function harness
  a > -((int32_t)(2147483647 - ((int32_t)1 << 15) * 3329))

State 14 file /home/girish/THESIS-2026/mlk_montgomery_cleanroom/MONT_WORKTREE_af4c5abd/proofs/cbmc/mont_t1_false_control/mont_t1_false_control_harness.c function harness line 93 thread 0
----------------------------------------------------
  a=-2038311181 (10000110 10000001 11010110 11110011)

State 17 file /home/girish/THESIS-2026/mlk_montgomery_cleanroom/MONT_WORKTREE_af4c5abd/mlkem/src/poly.h function mlk_montgomery_reduce line 74 thread 0
----------------------------------------------------
  x=-2038311181 (10000110 10000001 11010110 11110011)

State 19 file /home/girish/THESIS-2026/mlk_montgomery_cleanroom/MONT_WORKTREE_af4c5abd/mlkem/src/verify.h function mlk_cast_int32_to_uint16 line 174 thread 0
----------------------------------------------------
  goto_symex$$return_value$$mlk_cast_int32_to_uint16=55027 (11010110 11110011)

State 21 file /home/girish/THESIS-2026/mlk_montgomery_cleanroom/MONT_WORKTREE_af4c5abd/mlkem/src/poly.h function mlk_montgomery_reduce line 74 thread 0
----------------------------------------------------
  return_value_mlk_cast_int32_to_uint16=55027 (11010110 11110011)

State 22 file /home/girish/THESIS-2026/mlk_montgomery_cleanroom/MONT_WORKTREE_af4c5abd/mlkem/src/poly.h function mlk_montgomery_reduce line 74 thread 0
----------------------------------------------------
  a_reduced=55027 (11010110 11110011)

State 25 file /home/girish/THESIS-2026/mlk_montgomery_cleanroom/MONT_WORKTREE_af4c5abd/mlkem/src/poly.h function mlk_montgomery_reduce line 75 thread 0
----------------------------------------------------
  a_inverted=32755 (01111111 11110011)

State 28 file /home/girish/THESIS-2026/mlk_montgomery_cleanroom/MONT_WORKTREE_af4c5abd/mlkem/src/poly.h function mlk_montgomery_reduce line 78 thread 0
----------------------------------------------------
  x=32755 (01111111 11110011)

State 29 file /home/girish/THESIS-2026/mlk_montgomery_cleanroom/MONT_WORKTREE_af4c5abd/mlkem/src/verify.h function mlk_cast_uint16_to_int16 line 159 thread 0
----------------------------------------------------
  goto_symex$$return_value$$mlk_cast_uint16_to_int16=32755 (01111111 11110011)

State 31 file /home/girish/THESIS-2026/mlk_montgomery_cleanroom/MONT_WORKTREE_af4c5abd/mlkem/src/poly.h function mlk_montgomery_reduce line 78 thread 0
----------------------------------------------------
  return_value_mlk_cast_uint16_to_int16=32755 (01111111 11110011)

State 32 file /home/girish/THESIS-2026/mlk_montgomery_cleanroom/MONT_WORKTREE_af4c5abd/mlkem/src/poly.h function mlk_montgomery_reduce line 78 thread 0
----------------------------------------------------
  t=32755 (01111111 11110011)

State 36 file /home/girish/THESIS-2026/mlk_montgomery_cleanroom/MONT_WORKTREE_af4c5abd/mlkem/src/poly.h function mlk_montgomery_reduce line 85 thread 0
----------------------------------------------------
  r=-2147352576 (10000000 00000010 00000000 00000000)

State 37 file /home/girish/THESIS-2026/mlk_montgomery_cleanroom/MONT_WORKTREE_af4c5abd/mlkem/src/poly.h function mlk_montgomery_reduce line 92 thread 0
----------------------------------------------------
  r=-32766 (11111111 11111111 10000000 00000010)

State 39 file /home/girish/THESIS-2026/mlk_montgomery_cleanroom/MONT_WORKTREE_af4c5abd/mlkem/src/poly.h function mlk_montgomery_reduce line 99 thread 0
----------------------------------------------------
  goto_symex$$return_value$$mlk_montgomery_reduce=-32766 (10000000 00000010)

State 41 file /home/girish/THESIS-2026/mlk_montgomery_cleanroom/MONT_WORKTREE_af4c5abd/proofs/cbmc/mont_t1_false_control/mont_t1_false_control_harness.c function harness line 93 thread 0
----------------------------------------------------
  implementation_result=-32766 (10000000 00000010)

State 44 file /home/girish/THESIS-2026/mlk_montgomery_cleanroom/MONT_WORKTREE_af4c5abd/proofs/cbmc/mont_t1_false_control/mont_t1_false_control_harness.c function harness line 94 thread 0
----------------------------------------------------
  a=-2038311181 (10000110 10000001 11010110 11110011)

State 47 file /home/girish/THESIS-2026/mlk_montgomery_cleanroom/MONT_WORKTREE_af4c5abd/proofs/cbmc/mont_t1_false_control/mont_t1_false_control_harness.c function mont_oracle_result line 62 thread 0
----------------------------------------------------
  a=-2038311181 (10000110 10000001 11010110 11110011)

State 48 file /home/girish/THESIS-2026/mlk_montgomery_cleanroom/MONT_WORKTREE_af4c5abd/proofs/cbmc/mont_t1_false_control/mont_t1_false_control_harness.c function mont_oracle_t line 35 thread 0
----------------------------------------------------
  low_signed=-10509l (11111111 11111111 11111111 11111111 11111111 11111111 11010110 11110011)

State 51 file /home/girish/THESIS-2026/mlk_montgomery_cleanroom/MONT_WORKTREE_af4c5abd/proofs/cbmc/mont_t1_false_control/mont_t1_false_control_harness.c function mont_oracle_t line 39 thread 0
----------------------------------------------------
  low_signed=55027l (00000000 00000000 00000000 00000000 00000000 00000000 11010110 11110011)

State 54 file /home/girish/THESIS-2026/mlk_montgomery_cleanroom/MONT_WORKTREE_af4c5abd/proofs/cbmc/mont_t1_false_control/mont_t1_false_control_harness.c function mont_oracle_t line 46 thread 0
----------------------------------------------------
  low=55027ul (00000000 00000000 00000000 00000000 00000000 00000000 11010110 11110011)

State 56 file /home/girish/THESIS-2026/mlk_montgomery_cleanroom/MONT_WORKTREE_af4c5abd/proofs/cbmc/mont_t1_false_control/mont_t1_false_control_harness.c function mont_oracle_t line 47 thread 0
----------------------------------------------------
  raw_t=32755ul (00000000 00000000 00000000 00000000 00000000 00000000 01111111 11110011)

State 59 file /home/girish/THESIS-2026/mlk_montgomery_cleanroom/MONT_WORKTREE_af4c5abd/proofs/cbmc/mont_t1_false_control/mont_t1_false_control_harness.c function mont_oracle_t line 54 thread 0
----------------------------------------------------
  goto_symex$$return_value$$mont_oracle_t=32755l (00000000 00000000 00000000 00000000 00000000 00000000 01111111 11110011)

State 61 file /home/girish/THESIS-2026/mlk_montgomery_cleanroom/MONT_WORKTREE_af4c5abd/proofs/cbmc/mont_t1_false_control/mont_t1_false_control_harness.c function mont_oracle_result line 62 thread 0
----------------------------------------------------
  t=32755l (00000000 00000000 00000000 00000000 00000000 00000000 01111111 11110011)

State 64 file /home/girish/THESIS-2026/mlk_montgomery_cleanroom/MONT_WORKTREE_af4c5abd/proofs/cbmc/mont_t1_false_control/mont_t1_false_control_harness.c function mont_oracle_result line 63 thread 0
----------------------------------------------------
  numerator=-2147352576l (11111111 11111111 11111111 11111111 10000000 00000010 00000000 00000000)

State 67 file /home/girish/THESIS-2026/mlk_montgomery_cleanroom/MONT_WORKTREE_af4c5abd/proofs/cbmc/mont_t1_false_control/mont_t1_false_control_harness.c function mont_oracle_result line 69 thread 0
----------------------------------------------------
  oracle_t=32755l (00000000 00000000 00000000 00000000 00000000 00000000 01111111 11110011)

State 68 file /home/girish/THESIS-2026/mlk_montgomery_cleanroom/MONT_WORKTREE_af4c5abd/proofs/cbmc/mont_t1_false_control/mont_t1_false_control_harness.c function mont_oracle_result line 70 thread 0
----------------------------------------------------
  goto_symex$$return_value$$mont_oracle_result=-32766l (11111111 11111111 11111111 11111111 11111111 11111111 10000000 00000010)

State 70 file /home/girish/THESIS-2026/mlk_montgomery_cleanroom/MONT_WORKTREE_af4c5abd/proofs/cbmc/mont_t1_false_control/mont_t1_false_control_harness.c function harness line 94 thread 0
----------------------------------------------------
  oracle_result=-32766l (11111111 11111111 11111111 11111111 11111111 11111111 10000000 00000010)

State 77 file /home/girish/THESIS-2026/mlk_montgomery_cleanroom/MONT_WORKTREE_af4c5abd/proofs/cbmc/mont_t1_false_control/mont_t1_false_control_harness.c function harness line 108 thread 0
----------------------------------------------------
  reconstructed=-2038311181l (11111111 11111111 11111111 11111111 10000110 10000001 11010110 11110011)

Assumption:
  file /home/girish/THESIS-2026/mlk_montgomery_cleanroom/MONT_WORKTREE_af4c5abd/proofs/cbmc/mont_t1_false_control/mont_t1_false_control_harness.c line 125 function harness
  (int64_t)a == (int64_t)65536 * (int64_t)alternative_result + (int64_t)3329 * (int64_t)alternative_t

Violated property:
  file /home/girish/THESIS-2026/mlk_montgomery_cleanroom/MONT_WORKTREE_af4c5abd/proofs/cbmc/mont_t1_false_control/mont_t1_false_control_harness.c function harness line 158 thread 0
  MONT-T1.CONTROL.post_uniqueness_path_reachable
  0 != 0



** 1 of 53 failed (2 iterations)
VERIFICATION FAILED
