CBMC version 6.9.0 (cbmc-6.9.0) 64-bit x86_64 linux
Reading GOTO program from file /home/girish/THESIS-2026/mlk_montgomery_cleanroom/MONT_WORKTREE_af4c5abd/proofs/cbmc/mont_t2b_fibre_translation/gotos/mont_t2b_fibre_translation_harness.goto
Generating GOTO Program
Adding CPROVER library (x86_64)
Removal of function pointers and virtual functions
Generic Property Instrumentation
Starting Bounded Model Checking
Passing problem to propositional reduction
converting SSA
Running propositional reduction
SAT checker: instance is UNSATISFIABLE

** Results:
/home/girish/THESIS-2026/mlk_montgomery_cleanroom/MONT_WORKTREE_af4c5abd/proofs/cbmc/mont_t2b_fibre_translation/../../../mlkem/src/poly.h function mlk_montgomery_reduce
[mlk_montgomery_reduce.overflow.1] line 75 arithmetic overflow on unsigned * in (unsigned int)a_reduced * QINV: SUCCESS
[mlk_montgomery_reduce.overflow.2] line 75 arithmetic overflow on unsigned to unsigned type conversion in (const uint16_t)((unsigned int)a_reduced * QINV & (unsigned int)65535): SUCCESS
[mlk_montgomery_reduce.assertion.1] line 82 cbmc assertion failed: SUCCESS
[mlk_montgomery_reduce.overflow.3] line 85 arithmetic overflow on signed * in (int32_t)t * 3329: SUCCESS
[mlk_montgomery_reduce.overflow.4] line 85 arithmetic overflow on signed - in a - (int32_t)t * 3329: SUCCESS
[mlk_montgomery_reduce.overflow.5] line 99 arithmetic overflow on signed type conversion in (int16_t)r: SUCCESS

/home/girish/THESIS-2026/mlk_montgomery_cleanroom/MONT_WORKTREE_af4c5abd/proofs/cbmc/mont_t2b_fibre_translation/../../../mlkem/src/verify.h function mlk_cast_int32_to_uint16
[mlk_cast_int32_to_uint16.overflow.1] line 174 arithmetic overflow on signed to unsigned type conversion in (uint16_t)(x & (int32_t)65535): SUCCESS

/home/girish/THESIS-2026/mlk_montgomery_cleanroom/MONT_WORKTREE_af4c5abd/proofs/cbmc/mont_t2b_fibre_translation/mont_t2b_fibre_translation_harness.c function harness
[harness.overflow.1] line 33 arithmetic overflow on signed * in (int64_t)k * (int64_t)65536: SUCCESS
[harness.overflow.2] line 33 arithmetic overflow on signed + in (int64_t)a + (int64_t)k * (int64_t)65536: SUCCESS
[harness.overflow.3] line 38 arithmetic overflow on signed type conversion in (int32_t)b_wide: SUCCESS
[harness.overflow.4] line 42 arithmetic overflow on signed - in (int64_t)rb - (int64_t)ra: SUCCESS
[harness.assertion.1] line 44 MONT-T2B.P1.shifted_input_same_low_word: SUCCESS
[harness.assertion.2] line 48 MONT-T2B.P2.general_fibre_translation: SUCCESS
[harness.overflow.5] line 49 arithmetic overflow on signed + in (int64_t)ra + (int64_t)k: SUCCESS
[harness.assertion.3] line 52 MONT-T2B.P3.exact_output_delta_equals_k: SUCCESS
[harness.assertion.4] line 58 MONT-T2B.P4.zero_shift_identity: SUCCESS
[harness.assertion.5] line 65 MONT-T2B.P5.nonzero_shift_changes_output: SUCCESS

/home/girish/THESIS-2026/mlk_montgomery_cleanroom/MONT_WORKTREE_af4c5abd/proofs/cbmc/mont_t2b_fibre_translation/mont_t2b_fibre_translation_harness.c function low_word
[low_word.overflow.1] line 15 arithmetic overflow on signed + in r + (int64_t)65536: SUCCESS

<builtin-library-__CPROVER_contracts_library> function __CPROVER_contracts_make_invalid_pointer
[__CPROVER_contracts_make_invalid_pointer.pointer_dereference.1] line 1186 dereference failure: pointer NULL in *ptr: SUCCESS
[__CPROVER_contracts_make_invalid_pointer.pointer_dereference.2] line 1186 dereference failure: pointer invalid in *ptr: SUCCESS
[__CPROVER_contracts_make_invalid_pointer.pointer_dereference.3] line 1186 dereference failure: deallocated dynamic object in *ptr: SUCCESS
[__CPROVER_contracts_make_invalid_pointer.pointer_dereference.4] line 1186 dereference failure: dead object in *ptr: SUCCESS
[__CPROVER_contracts_make_invalid_pointer.pointer_dereference.5] line 1186 dereference failure: pointer outside object bounds in *ptr: SUCCESS
[__CPROVER_contracts_make_invalid_pointer.pointer_dereference.6] line 1186 dereference failure: invalid integer address in *ptr: SUCCESS

** 0 of 24 failed (1 iterations)
VERIFICATION SUCCESSFUL
