make: Entering directory '/home/girish/THESIS-2026/mlk_kem_check_pk_cleanroom/PKCHECK_T2_00A_SEED_FRAME_20260730T031357Z/mlkem-native_af4c5abd_t2/proofs/cbmc/pkcheck_t4_guard_dominance'
Running litani init
Report will be rendered at file:///tmp/litani/runs/latest/html/index.html
Running litani add-job
make[1]: Entering directory '/home/girish/THESIS-2026/mlk_kem_check_pk_cleanroom/PKCHECK_T2_00A_SEED_FRAME_20260730T031357Z/mlkem-native_af4c5abd_t2/proofs/cbmc/pkcheck_t4_guard_dominance'
make[1]: Leaving directory '/home/girish/THESIS-2026/mlk_kem_check_pk_cleanroom/PKCHECK_T2_00A_SEED_FRAME_20260730T031357Z/mlkem-native_af4c5abd_t2/proofs/cbmc/pkcheck_t4_guard_dominance'
Running litani build
[1/12] pkcheck_t4_guard_dominance: building proof binary                        [2/12] pkcheck_t4_guard_dominance: building project binary                      [3/12] pkcheck_t4_guard_dominance: removing function bodies from project sources[4/12] pkcheck_t4_guard_dominance: linking project to proof                     [5/12] pkcheck_t4_guard_dominance: restricting function pointers in project s...[6/12] pkcheck_t4_guard_dominance: not setting static variables to nondet (wi...[7/12] pkcheck_t4_guard_dominance: not linking CPROVER library                  [8/12] pkcheck_t4_guard_dominance: unwinding loops in proof and project code    [9/12] pkcheck_t4_guard_dominance: checking function contracts                  line 24 function __CPROVER_replace_ensures_is_fresh: function 'malloc' is not declared

file /home/girish/THESIS-2026/mlk_kem_check_pk_cleanroom/PKCHECK_T2_00A_SEED_FRAME_20260730T031357Z/mlkem-native_af4c5abd_t2/mlkem/src/kem.c line 384 function mlk_dec: no body for function 'malloc'

file /home/girish/THESIS-2026/mlk_kem_check_pk_cleanroom/PKCHECK_T2_00A_SEED_FRAME_20260730T031357Z/mlkem-native_af4c5abd_t2/mlkem/src/kem.c line 100 function mlk_check_sk: no body for function 'mlk_sha3_256'

file /home/girish/THESIS-2026/mlk_kem_check_pk_cleanroom/PKCHECK_T2_00A_SEED_FRAME_20260730T031357Z/mlkem-native_af4c5abd_t2/mlkem/src/verify.h line 429 function mlk_zeroize: no body for function '__CPROVER_replace_requires_is_fresh'

file /home/girish/THESIS-2026/mlk_kem_check_pk_cleanroom/PKCHECK_T2_00A_SEED_FRAME_20260730T031357Z/mlkem-native_af4c5abd_t2/mlkem/src/kem.c line 113 function mlk_check_sk: no body for function 'free'

file /home/girish/THESIS-2026/mlk_kem_check_pk_cleanroom/PKCHECK_T2_00A_SEED_FRAME_20260730T031357Z/mlkem-native_af4c5abd_t2/mlkem/src/kem.c line 402 function mlk_dec: no body for function 'mlk_indcpa_dec'

file /home/girish/THESIS-2026/mlk_kem_check_pk_cleanroom/PKCHECK_T2_00A_SEED_FRAME_20260730T031357Z/mlkem-native_af4c5abd_t2/mlkem/src/kem.c line 409 function mlk_dec: no body for function 'memcpy'

file /home/girish/THESIS-2026/mlk_kem_check_pk_cleanroom/PKCHECK_T2_00A_SEED_FRAME_20260730T031357Z/mlkem-native_af4c5abd_t2/mlkem/src/kem.c line 412 function mlk_dec: no body for function 'mlk_sha3_512'

file /home/girish/THESIS-2026/mlk_kem_check_pk_cleanroom/PKCHECK_T2_00A_SEED_FRAME_20260730T031357Z/mlkem-native_af4c5abd_t2/mlkem/src/kem.c line 416 function mlk_dec: no body for function 'mlk_indcpa_enc'

file /home/girish/THESIS-2026/mlk_kem_check_pk_cleanroom/PKCHECK_T2_00A_SEED_FRAME_20260730T031357Z/mlkem-native_af4c5abd_t2/mlkem/src/kem.c line 428 function mlk_dec: no body for function 'mlk_shake256'

file /home/girish/THESIS-2026/mlk_kem_check_pk_cleanroom/PKCHECK_T2_00A_SEED_FRAME_20260730T031357Z/mlkem-native_af4c5abd_t2/mlkem/src/kem.c line 259 function mlk_keypair: no body for function 'malloc'

file /home/girish/THESIS-2026/mlk_kem_check_pk_cleanroom/PKCHECK_T2_00A_SEED_FRAME_20260730T031357Z/mlkem-native_af4c5abd_t2/mlkem/src/randombytes.h line 49 function mlk_randombytes: no body for function 'randombytes'

file /home/girish/THESIS-2026/mlk_kem_check_pk_cleanroom/PKCHECK_T2_00A_SEED_FRAME_20260730T031357Z/mlkem-native_af4c5abd_t2/mlkem/src/kem.c line 217 function mlk_keypair_derand: no body for function 'mlk_indcpa_keypair_derand'

file /home/girish/THESIS-2026/mlk_kem_check_pk_cleanroom/PKCHECK_T2_00A_SEED_FRAME_20260730T031357Z/mlkem-native_af4c5abd_t2/mlkem/src/kem.c line 223 function mlk_keypair_derand: no body for function 'memcpy'

file /home/girish/THESIS-2026/mlk_kem_check_pk_cleanroom/PKCHECK_T2_00A_SEED_FRAME_20260730T031357Z/mlkem-native_af4c5abd_t2/mlkem/src/kem.c line 224 function mlk_keypair_derand: no body for function 'mlk_sha3_256'

file /home/girish/THESIS-2026/mlk_kem_check_pk_cleanroom/PKCHECK_T2_00A_SEED_FRAME_20260730T031357Z/mlkem-native_af4c5abd_t2/mlkem/src/kem.c line 317 function mlk_enc_derand: no body for function 'mlk_sha3_512'

file /home/girish/THESIS-2026/mlk_kem_check_pk_cleanroom/PKCHECK_T2_00A_SEED_FRAME_20260730T031357Z/mlkem-native_af4c5abd_t2/mlkem/src/kem.c line 320 function mlk_enc_derand: no body for function 'mlk_indcpa_enc'

file /home/girish/THESIS-2026/mlk_kem_check_pk_cleanroom/PKCHECK_T2_00A_SEED_FRAME_20260730T031357Z/mlkem-native_af4c5abd_t2/mlkem/src/verify.h line 429 function mlk_zeroize: no body for function '__CPROVER_replace_requires_is_fresh'

file /home/girish/THESIS-2026/mlk_kem_check_pk_cleanroom/PKCHECK_T2_00A_SEED_FRAME_20260730T031357Z/mlkem-native_af4c5abd_t2/mlkem/src/kem.c line 331 function mlk_enc_derand: no body for function 'free'

file /home/girish/THESIS-2026/mlk_kem_check_pk_cleanroom/PKCHECK_T2_00A_SEED_FRAME_20260730T031357Z/mlkem-native_af4c5abd_t2/mlkem/src/kem.c line 402 function mlk_dec: no body for function 'mlk_indcpa_dec'

file /home/girish/THESIS-2026/mlk_kem_check_pk_cleanroom/PKCHECK_T2_00A_SEED_FRAME_20260730T031357Z/mlkem-native_af4c5abd_t2/mlkem/src/kem.c line 428 function mlk_dec: no body for function 'mlk_shake256'

file /home/girish/THESIS-2026/mlk_kem_check_pk_cleanroom/PKCHECK_T2_00A_SEED_FRAME_20260730T031357Z/mlkem-native_af4c5abd_t2/mlkem/src/kem.c line 346 function mlk_enc: no body for function 'malloc'

file /home/girish/THESIS-2026/mlk_kem_check_pk_cleanroom/PKCHECK_T2_00A_SEED_FRAME_20260730T031357Z/mlkem-native_af4c5abd_t2/mlkem/src/randombytes.h line 49 function mlk_randombytes: no body for function 'randombytes'

file /home/girish/THESIS-2026/mlk_kem_check_pk_cleanroom/PKCHECK_T2_00A_SEED_FRAME_20260730T031357Z/mlkem-native_af4c5abd_t2/mlkem/src/kem.c line 313 function mlk_enc_derand: no body for function 'memcpy'

file /home/girish/THESIS-2026/mlk_kem_check_pk_cleanroom/PKCHECK_T2_00A_SEED_FRAME_20260730T031357Z/mlkem-native_af4c5abd_t2/mlkem/src/kem.c line 316 function mlk_enc_derand: no body for function 'mlk_sha3_256'

file /home/girish/THESIS-2026/mlk_kem_check_pk_cleanroom/PKCHECK_T2_00A_SEED_FRAME_20260730T031357Z/mlkem-native_af4c5abd_t2/mlkem/src/kem.c line 317 function mlk_enc_derand: no body for function 'mlk_sha3_512'

file /home/girish/THESIS-2026/mlk_kem_check_pk_cleanroom/PKCHECK_T2_00A_SEED_FRAME_20260730T031357Z/mlkem-native_af4c5abd_t2/mlkem/src/kem.c line 320 function mlk_enc_derand: no body for function 'mlk_indcpa_enc'

file /home/girish/THESIS-2026/mlk_kem_check_pk_cleanroom/PKCHECK_T2_00A_SEED_FRAME_20260730T031357Z/mlkem-native_af4c5abd_t2/mlkem/src/verify.h line 429 function mlk_zeroize: no body for function '__CPROVER_replace_requires_is_fresh'

file /home/girish/THESIS-2026/mlk_kem_check_pk_cleanroom/PKCHECK_T2_00A_SEED_FRAME_20260730T031357Z/mlkem-native_af4c5abd_t2/mlkem/src/kem.c line 331 function mlk_enc_derand: no body for function 'free'

file /home/girish/THESIS-2026/mlk_kem_check_pk_cleanroom/PKCHECK_T2_00A_SEED_FRAME_20260730T031357Z/mlkem-native_af4c5abd_t2/mlkem/src/kem.c line 141 function mlk_check_pct: no body for function 'malloc'

file /home/girish/THESIS-2026/mlk_kem_check_pk_cleanroom/PKCHECK_T2_00A_SEED_FRAME_20260730T031357Z/mlkem-native_af4c5abd_t2/mlkem/src/randombytes.h line 49 function mlk_randombytes: no body for function 'randombytes'

file /home/girish/THESIS-2026/mlk_kem_check_pk_cleanroom/PKCHECK_T2_00A_SEED_FRAME_20260730T031357Z/mlkem-native_af4c5abd_t2/mlkem/src/kem.c line 313 function mlk_enc_derand: no body for function 'memcpy'

file /home/girish/THESIS-2026/mlk_kem_check_pk_cleanroom/PKCHECK_T2_00A_SEED_FRAME_20260730T031357Z/mlkem-native_af4c5abd_t2/mlkem/src/kem.c line 316 function mlk_enc_derand: no body for function 'mlk_sha3_256'

file /home/girish/THESIS-2026/mlk_kem_check_pk_cleanroom/PKCHECK_T2_00A_SEED_FRAME_20260730T031357Z/mlkem-native_af4c5abd_t2/mlkem/src/kem.c line 317 function mlk_enc_derand: no body for function 'mlk_sha3_512'

file /home/girish/THESIS-2026/mlk_kem_check_pk_cleanroom/PKCHECK_T2_00A_SEED_FRAME_20260730T031357Z/mlkem-native_af4c5abd_t2/mlkem/src/kem.c line 320 function mlk_enc_derand: no body for function 'mlk_indcpa_enc'

file /home/girish/THESIS-2026/mlk_kem_check_pk_cleanroom/PKCHECK_T2_00A_SEED_FRAME_20260730T031357Z/mlkem-native_af4c5abd_t2/mlkem/src/verify.h line 429 function mlk_zeroize: no body for function '__CPROVER_replace_requires_is_fresh'

file /home/girish/THESIS-2026/mlk_kem_check_pk_cleanroom/PKCHECK_T2_00A_SEED_FRAME_20260730T031357Z/mlkem-native_af4c5abd_t2/mlkem/src/kem.c line 331 function mlk_enc_derand: no body for function 'free'

file /home/girish/THESIS-2026/mlk_kem_check_pk_cleanroom/PKCHECK_T2_00A_SEED_FRAME_20260730T031357Z/mlkem-native_af4c5abd_t2/mlkem/src/kem.c line 402 function mlk_dec: no body for function 'mlk_indcpa_dec'

file /home/girish/THESIS-2026/mlk_kem_check_pk_cleanroom/PKCHECK_T2_00A_SEED_FRAME_20260730T031357Z/mlkem-native_af4c5abd_t2/mlkem/src/kem.c line 428 function mlk_dec: no body for function 'mlk_shake256'

file /home/girish/THESIS-2026/mlk_kem_check_pk_cleanroom/PKCHECK_T2_00A_SEED_FRAME_20260730T031357Z/mlkem-native_af4c5abd_t2/mlkem/src/kem.c line 217 function mlk_keypair_derand: no body for function 'mlk_indcpa_keypair_derand'

file /home/girish/THESIS-2026/mlk_kem_check_pk_cleanroom/PKCHECK_T2_00A_SEED_FRAME_20260730T031357Z/mlkem-native_af4c5abd_t2/mlkem/src/kem.c line 223 function mlk_keypair_derand: no body for function 'memcpy'

file /home/girish/THESIS-2026/mlk_kem_check_pk_cleanroom/PKCHECK_T2_00A_SEED_FRAME_20260730T031357Z/mlkem-native_af4c5abd_t2/mlkem/src/kem.c line 224 function mlk_keypair_derand: no body for function 'mlk_sha3_256'

file /home/girish/THESIS-2026/mlk_kem_check_pk_cleanroom/PKCHECK_T2_00A_SEED_FRAME_20260730T031357Z/mlkem-native_af4c5abd_t2/mlkem/src/kem.c line 141 function mlk_check_pct: no body for function 'malloc'

file /home/girish/THESIS-2026/mlk_kem_check_pk_cleanroom/PKCHECK_T2_00A_SEED_FRAME_20260730T031357Z/mlkem-native_af4c5abd_t2/mlkem/src/randombytes.h line 49 function mlk_randombytes: no body for function 'randombytes'

file /home/girish/THESIS-2026/mlk_kem_check_pk_cleanroom/PKCHECK_T2_00A_SEED_FRAME_20260730T031357Z/mlkem-native_af4c5abd_t2/mlkem/src/kem.c line 317 function mlk_enc_derand: no body for function 'mlk_sha3_512'

file /home/girish/THESIS-2026/mlk_kem_check_pk_cleanroom/PKCHECK_T2_00A_SEED_FRAME_20260730T031357Z/mlkem-native_af4c5abd_t2/mlkem/src/kem.c line 320 function mlk_enc_derand: no body for function 'mlk_indcpa_enc'

file /home/girish/THESIS-2026/mlk_kem_check_pk_cleanroom/PKCHECK_T2_00A_SEED_FRAME_20260730T031357Z/mlkem-native_af4c5abd_t2/mlkem/src/verify.h line 429 function mlk_zeroize: no body for function '__CPROVER_replace_requires_is_fresh'

file /home/girish/THESIS-2026/mlk_kem_check_pk_cleanroom/PKCHECK_T2_00A_SEED_FRAME_20260730T031357Z/mlkem-native_af4c5abd_t2/mlkem/src/kem.c line 331 function mlk_enc_derand: no body for function 'free'

file /home/girish/THESIS-2026/mlk_kem_check_pk_cleanroom/PKCHECK_T2_00A_SEED_FRAME_20260730T031357Z/mlkem-native_af4c5abd_t2/mlkem/src/kem.c line 402 function mlk_dec: no body for function 'mlk_indcpa_dec'

file /home/girish/THESIS-2026/mlk_kem_check_pk_cleanroom/PKCHECK_T2_00A_SEED_FRAME_20260730T031357Z/mlkem-native_af4c5abd_t2/mlkem/src/kem.c line 428 function mlk_dec: no body for function 'mlk_shake256'

file /home/girish/THESIS-2026/mlk_kem_check_pk_cleanroom/PKCHECK_T2_00A_SEED_FRAME_20260730T031357Z/mlkem-native_af4c5abd_t2/mlkem/src/kem.c line 80 function mlk_check_sk: no body for function 'malloc'

file /home/girish/THESIS-2026/mlk_kem_check_pk_cleanroom/PKCHECK_T2_00A_SEED_FRAME_20260730T031357Z/mlkem-native_af4c5abd_t2/mlkem/src/kem.c line 100 function mlk_check_sk: no body for function 'mlk_sha3_256'

file /home/girish/THESIS-2026/mlk_kem_check_pk_cleanroom/PKCHECK_T2_00A_SEED_FRAME_20260730T031357Z/mlkem-native_af4c5abd_t2/mlkem/src/verify.h line 429 function mlk_zeroize: no body for function '__CPROVER_replace_requires_is_fresh'

file /home/girish/THESIS-2026/mlk_kem_check_pk_cleanroom/PKCHECK_T2_00A_SEED_FRAME_20260730T031357Z/mlkem-native_af4c5abd_t2/mlkem/src/kem.c line 113 function mlk_check_sk: no body for function 'free'

[10/12] pkcheck_t4_guard_dominance: slicing global initializations              [11/12] pkcheck_t4_guard_dominance: dropping unused functions                   [12/12] pkcheck_t4_guard_dominance: copying final goto-binary                   
Report was rendered at file:///tmp/litani/runs/latest/html/index.html
make: Leaving directory '/home/girish/THESIS-2026/mlk_kem_check_pk_cleanroom/PKCHECK_T2_00A_SEED_FRAME_20260730T031357Z/mlkem-native_af4c5abd_t2/proofs/cbmc/pkcheck_t4_guard_dominance'
