CBMC version 6.9.0 (cbmc-6.9.0) 64-bit x86_64 linux
Reading GOTO program from file /home/girish/THESIS-2026/mlk_montgomery_cleanroom/MONT_T3_WORKTREE_af4c5abd/proofs/cbmc/mont_t3_p4_montgomery_one/gotos/mont_t3_p4_montgomery_one_harness.goto
Generating GOTO Program
Adding CPROVER library (x86_64)
Removal of function pointers and virtual functions
Generic Property Instrumentation
Starting Bounded Model Checking
Passing problem to propositional reduction
converting SSA
Running propositional reduction
SAT checker: instance is UNSATISFIABLE

** Results:
/home/girish/THESIS-2026/mlk_montgomery_cleanroom/MONT_T3_WORKTREE_af4c5abd/mlkem/src/poly.c function mlk_fqmul
[mlk_fqmul.no_alloc_dealloc_in_ensures.1] line 43 Check that ensures do not allocate or deallocate memory: SUCCESS
[mlk_fqmul.no_alloc_dealloc_in_requires.1] line 43 Check that requires do not allocate or deallocate memory: SUCCESS
[mlk_fqmul.no_recursive_call.1] line 43 No recursive call to function mlk_fqmul when checking contract mlk_fqmul: SUCCESS
[mlk_fqmul.single_top_level_call.1] line 43 Only a single top-level call to function mlk_fqmul when checking contract mlk_fqmul: SUCCESS
[mlk_fqmul.postcondition.1] line 44 Check ensures clause of contract contract::mlk_fqmul for function mlk_fqmul: SUCCESS
[mlk_fqmul.assertion.1] line 50 cbmc assertion failed: SUCCESS
[mlk_fqmul.overflow.1] line 50 arithmetic overflow on signed * in (signed long int)_cbmc_idx10 * (signed long int)2ul: SUCCESS
[mlk_fqmul.overflow.2] line 50 arithmetic overflow on signed * in (signed long int)_cbmc_idx10 * (signed long int)2ul: SUCCESS
[mlk_fqmul.pointer_arithmetic.1] line 50 pointer arithmetic: dead object in (int16_t *)&b + (signed long int)_cbmc_idx10: SUCCESS
[mlk_fqmul.pointer_arithmetic.2] line 50 pointer arithmetic: pointer outside object bounds in (int16_t *)&b + (signed long int)_cbmc_idx10: SUCCESS
[mlk_fqmul.pointer_arithmetic.3] line 50 pointer arithmetic: dead object in (int16_t *)&b + (signed long int)_cbmc_idx10: SUCCESS
[mlk_fqmul.pointer_arithmetic.4] line 50 pointer arithmetic: pointer outside object bounds in (int16_t *)&b + (signed long int)_cbmc_idx10: SUCCESS
[mlk_fqmul.pointer_dereference.1] line 50 dereference failure: dead object in ((int16_t *)&b)[(signed long int)_cbmc_idx10]: SUCCESS
[mlk_fqmul.pointer_dereference.2] line 50 dereference failure: pointer outside object bounds in ((int16_t *)&b)[(signed long int)_cbmc_idx10]: SUCCESS
[mlk_fqmul.pointer_dereference.3] line 50 dereference failure: dead object in ((int16_t *)&b)[(signed long int)_cbmc_idx10]: SUCCESS
[mlk_fqmul.pointer_dereference.4] line 50 dereference failure: pointer outside object bounds in ((int16_t *)&b)[(signed long int)_cbmc_idx10]: SUCCESS
[mlk_fqmul.overflow.3] line 52 arithmetic overflow on signed * in (int32_t)a * (int32_t)b: SUCCESS
[mlk_fqmul.assertion.2] line 60 cbmc assertion failed: SUCCESS
[mlk_fqmul.overflow.4] line 60 arithmetic overflow on signed * in (signed long int)_cbmc_idx11 * (signed long int)2ul: SUCCESS
[mlk_fqmul.overflow.5] line 60 arithmetic overflow on signed * in (signed long int)_cbmc_idx11 * (signed long int)2ul: SUCCESS
[mlk_fqmul.pointer_arithmetic.5] line 60 pointer arithmetic: dead object in (int16_t *)&res + (signed long int)_cbmc_idx11: SUCCESS
[mlk_fqmul.pointer_arithmetic.6] line 60 pointer arithmetic: pointer outside object bounds in (int16_t *)&res + (signed long int)_cbmc_idx11: SUCCESS
[mlk_fqmul.pointer_arithmetic.7] line 60 pointer arithmetic: dead object in (int16_t *)&res + (signed long int)_cbmc_idx11: SUCCESS
[mlk_fqmul.pointer_arithmetic.8] line 60 pointer arithmetic: pointer outside object bounds in (int16_t *)&res + (signed long int)_cbmc_idx11: SUCCESS
[mlk_fqmul.pointer_dereference.5] line 60 dereference failure: dead object in ((int16_t *)&res)[(signed long int)_cbmc_idx11]: SUCCESS
[mlk_fqmul.pointer_dereference.6] line 60 dereference failure: pointer outside object bounds in ((int16_t *)&res)[(signed long int)_cbmc_idx11]: SUCCESS
[mlk_fqmul.pointer_dereference.7] line 60 dereference failure: dead object in ((int16_t *)&res)[(signed long int)_cbmc_idx11]: SUCCESS
[mlk_fqmul.pointer_dereference.8] line 60 dereference failure: pointer outside object bounds in ((int16_t *)&res)[(signed long int)_cbmc_idx11]: SUCCESS

/home/girish/THESIS-2026/mlk_montgomery_cleanroom/MONT_T3_WORKTREE_af4c5abd/proofs/cbmc/mont_t3_p4_montgomery_one/../../../mlkem/src/poly.h function mlk_montgomery_reduce
[mlk_montgomery_reduce.overflow.1] line 75 arithmetic overflow on unsigned * in (unsigned int)a_reduced * QINV: SUCCESS
[mlk_montgomery_reduce.overflow.2] line 75 arithmetic overflow on unsigned to unsigned type conversion in (const uint16_t)((unsigned int)a_reduced * QINV & (unsigned int)65535): SUCCESS
[mlk_montgomery_reduce.assertion.1] line 82 cbmc assertion failed: SUCCESS
[mlk_montgomery_reduce.overflow.3] line 85 arithmetic overflow on signed * in (int32_t)t * 3329: SUCCESS
[mlk_montgomery_reduce.overflow.4] line 85 arithmetic overflow on signed - in a - (int32_t)t * 3329: SUCCESS
[mlk_montgomery_reduce.overflow.5] line 99 arithmetic overflow on signed type conversion in (int16_t)r: SUCCESS

/home/girish/THESIS-2026/mlk_montgomery_cleanroom/MONT_T3_WORKTREE_af4c5abd/proofs/cbmc/mont_t3_p4_montgomery_one/../../../mlkem/src/verify.h function mlk_cast_int32_to_uint16
[mlk_cast_int32_to_uint16.overflow.1] line 174 arithmetic overflow on signed to unsigned type conversion in (uint16_t)(x & (int32_t)65535): SUCCESS

/home/girish/THESIS-2026/mlk_montgomery_cleanroom/MONT_T3_WORKTREE_af4c5abd/proofs/cbmc/mont_t3_p4_montgomery_one/mont_t3_p4_montgomery_one_harness.c function harness
[harness.assertion.1] line 37 MONT-T3.P4.Montgomery_one_identity_after_normalization: SUCCESS

/home/girish/THESIS-2026/mlk_montgomery_cleanroom/MONT_T3_WORKTREE_af4c5abd/proofs/cbmc/mont_t3_p4_montgomery_one/mont_t3_p4_montgomery_one_harness.c function normalize_q_once
[normalize_q_once.overflow.1] line 14 arithmetic overflow on signed - in value - 3329: SUCCESS
[normalize_q_once.overflow.2] line 19 arithmetic overflow on signed + in value + 3329: SUCCESS
[normalize_q_once.overflow.3] line 22 arithmetic overflow on signed type conversion in (int16_t)value: SUCCESS

<builtin-library-__CPROVER_contracts_library> function __CPROVER_contracts_make_invalid_pointer
[__CPROVER_contracts_make_invalid_pointer.pointer_dereference.1] line 1186 dereference failure: pointer NULL in *ptr: SUCCESS
[__CPROVER_contracts_make_invalid_pointer.pointer_dereference.2] line 1186 dereference failure: pointer invalid in *ptr: SUCCESS
[__CPROVER_contracts_make_invalid_pointer.pointer_dereference.3] line 1186 dereference failure: deallocated dynamic object in *ptr: SUCCESS
[__CPROVER_contracts_make_invalid_pointer.pointer_dereference.4] line 1186 dereference failure: dead object in *ptr: SUCCESS
[__CPROVER_contracts_make_invalid_pointer.pointer_dereference.5] line 1186 dereference failure: pointer outside object bounds in *ptr: SUCCESS
[__CPROVER_contracts_make_invalid_pointer.pointer_dereference.6] line 1186 dereference failure: invalid integer address in *ptr: SUCCESS

<builtin-library-__CPROVER_contracts_library> function __CPROVER_contracts_obj_set_create_indexed_by_object_id
[__CPROVER_contracts_obj_set_create_indexed_by_object_id.bit_count.1] line 264 count leading zeros is undefined for value zero in __builtin_clz(__CPROVER_max_malloc_size): SUCCESS
[__CPROVER_contracts_obj_set_create_indexed_by_object_id.bit_count.2] line 264 count leading zeros is undefined for value zero in __builtin_clz(__CPROVER_max_malloc_size): SUCCESS
[__CPROVER_contracts_obj_set_create_indexed_by_object_id.bit_count.3] line 264 count leading zeros is undefined for value zero in __builtin_clz(__CPROVER_max_malloc_size): SUCCESS

** 0 of 48 failed (1 iterations)
VERIFICATION SUCCESSFUL
